ABB 2012 : Interest Coverage = Debt Free
ABB 2012 : Debt Free Company
ABB 2014 : Interest Coverage = Debt Free
ABB 2014 : Debt Free Company
ABB 2015 : Interest Coverage = Debt Free
ABB 2015 : Debt Free Company
ABB 2016 : Debt Free Company
ABB 2017 : Debt Free Company
ABB 2018 : Debt Free Company
ABB 2019 : Debt Free Company
ADANIENSOL 2014 : Interest Coverage = Debt Free
ADANIENSOL 2014 : Debt Free Company
BAJAJHLDNG 2013 : Interest Coverage = Debt Free
BAJAJHLDNG 2013 : Debt Free Company
BAJAJHLDNG 2014 : Interest Coverage = Debt Free
BAJAJHLDNG 2014 : Debt Free Company
BAJAJHLDNG 2015 : Interest Coverage = Debt Free
BAJAJHLDNG 2015 : Debt Free Company
BAJAJHLDNG 2016 : Interest Coverage = Debt Free
BAJAJHLDNG 2016 : Debt Free Company
BAJAJHLDNG 2017 : Interest Coverage = Debt Free
BAJAJHLDNG 2017 : Debt Free Company
BAJAJHLDNG 2018 : Interest Coverage = Debt Free
BAJAJHLDNG 2018 : Debt Free Company
BAJAJHLDNG 2019 : Interest Coverage = Debt Free
BAJAJHLDNG 2019 : Debt Free Company
BOSCHLTD 2013 : Interest Coverage = Debt Free
BOSCHLTD 2017 : Debt Free Company
BOSCHLTD 2018 : Debt Free Company
BOSCHLTD 2019 : Debt Free Company
CHOLAFIN 2015 : Interest Coverage = Debt Free
CHOLAFIN 2018 : Interest Coverage = Debt Free
CHOLAFIN 2020 : Interest Coverage = Debt Free
HDFCLIFE 2013 : Debt Free Company
HDFCLIFE 2014 : Debt Free Company
HDFCLIFE 2015 : Debt Free Company
HDFCLIFE 2016 : Debt Free Company
HDFCLIFE 2017 : Debt Free Company
HDFCLIFE 2018 : Debt Free Company
HDFCLIFE 2019 : Debt Free Company
HDFCLIFE 2020 : Debt Free Company
HINDUNILVR 2018 : Debt Free Company
HINDUNILVR 2020 : Debt Free Company
HINDUNILVR 2021 : Debt Free Company
ICICIGI 2013 : Debt Free Company
ICICIGI 2014 : Debt Free Company
ICICIGI 2015 : Debt Free Company
ICICIGI 2016 : Interest Coverage = Debt Free
ICICIGI 2016 : Debt Free Company
ICICIPRULI 2013 : Debt Free Company
ICICIPRULI 2014 : Debt Free Company
ICICIPRULI 2015 : Debt Free Company
ICICIPRULI 2016 : Interest Coverage = Debt Free
ICICIPRULI 2017 : Debt Free Company
ICICIPRULI 2018 : Debt Free Company
ICICIPRULI 2019 : Debt Free Company
ICICIPRULI 2020 : Debt Free Company
INFY 2013 : Debt Free Company
INFY 2014 : Debt Free Company
INFY 2015 : Debt Free Company
INFY 2016 : Interest Coverage = Debt Free
INFY 2016 : Debt Free Company
INFY 2017 : Interest Coverage = Debt Free
INFY 2017 : Debt Free Company
INFY 2018 : Interest Coverage = Debt Free
INFY 2018 : Debt Free Company
INFY 2019 : Interest Coverage = Debt Free
INFY 2019 : Debt Free Company
IRCTC 2015 : Interest Coverage = Debt Free
IRCTC 2015 : Debt Free Company
IRCTC 2016 : Interest Coverage = Debt Free
IRCTC 2016 : Debt Free Company
IRCTC 2017 : Debt Free Company
IRCTC 2018 : Debt Free Company
IRCTC 2019 : Debt Free Company
IRCTC 2020 : Debt Free Company
JIOFIN 2023 : Interest Coverage = Debt Free
JIOFIN 2024 : Debt Free Company
LICI 2019 : Interest Coverage = Debt Free
LICI 2020 : Interest Coverage = Debt Free
LICI 2021 : Interest Coverage = Debt Free
LICI 2022 : Interest Coverage = Debt Free
LICI 2023 : Debt Free Company
LICI 2024 : Debt Free Company
LT 2017 : Debt Free Company
LT 2018 : Debt Free Company
LT 2019 : Debt Free Company
LTIM 2017 : Debt Free Company
LTIM 2018 : Debt Free Company
LTIM 2019 : Debt Free Company
PNB 2013 : Interest Coverage = Debt Free
PNB 2014 : Interest Coverage = Debt Free
PNB 2015 : Interest Coverage = Debt Free
PNB 2016 : Interest Coverage = Debt Free
PNB 2017 : Interest Coverage = Debt Free
PNB 2018 : Interest Coverage = Debt Free
PNB 2019 : Interest Coverage = Debt Free
PNB 2020 : Interest Coverage = Debt Free
PNB 2021 : Interest Coverage = Debt Free
PNB 2022 : Interest Coverage = Debt Free
PNB 2023 : Interest Coverage = Debt Free
PNB 2024 : Interest Coverage = Debt Free
SBILIFE 2013 : Debt Free Company
SBILIFE 2014 : Debt Free Company
SBILIFE 2015 : Debt Free Company
SBILIFE 2016 : Debt Free Company
SBILIFE 2017 : Debt Free Company
SBILIFE 2018 : Debt Free Company
SBILIFE 2019 : Debt Free Company
SBILIFE 2020 : Interest Coverage = Debt Free
SBILIFE 2020 : Debt Free Company
SBILIFE 2021 : Interest Coverage = Debt Free
SBILIFE 2021 : Debt Free Company
SBILIFE 2022 : Interest Coverage = Debt Free
SBILIFE 2022 : Debt Free Company
SBILIFE 2023 : Debt Free Company
SBILIFE 2024 : Debt Free Company
SIEMENS 2011 : Debt Free Company
SIEMENS 2014 : Debt Free Company
SIEMENS 2017 : Debt Free Company
SIEMENS 2018 : Debt Free Company
SIEMENS 2019 : Debt Free Company
SIEMENS 2020 : Debt Free Company
TITAN 2013 : Debt Free Company

========== ROE VALIDATION ==========
NESTLEIND: Calculated=117.75, Source=135.61
TATAMOTORS: Calculated=37.46, Source=49.40
ADANIPOWER: Calculated=48.28, Source=57.10
IRCTC: Calculated=34.40, Source=40.40
BPCL: Calculated=35.51, Source=41.90
TATASTEEL: Calculated=-5.33, Source=6.55
COALINDIA: Calculated=45.17, Source=52.00
LICI: Calculated=49.45, Source=63.61
TCS: Calculated=50.94, Source=0.52
HAL: Calculated=3816.58, Source=28.90
BEL: Calculated=4744.05, Source=26.30
LT: Calculated=77.67, Source=10.49
PNB: Calculated=61.32, Source=8.70
PFC: Calculated=26.16, Source=19.49
BAJAJFINSV: Calculated=25.85, Source=11.72
GODREJCP: Calculated=-4.45, Source=6.77
TRENT: Calculated=36.31, Source=27.20
ADANIENT: Calculated=8.53, Source=13.64

========== ROCE VALIDATION ==========
DRREDDY: Calculated=14.38, Source=26.50
DMART: Calculated=11.98, Source=19.40
TORNTPHARM: Calculated=11.42, Source=23.20
EICHERMOT: Calculated=17.31, Source=31.10
NESTLEIND: Calculated=37.38, Source=185.43
BAJFINANCE: Calculated=3.85, Source=11.90
NTPC: Calculated=4.45, Source=10.58
CIPLA: Calculated=12.77, Source=22.80
HINDALCO: Calculated=4.40, Source=11.30
TATACONSUM: Calculated=4.36, Source=10.60
HINDUNILVR: Calculated=13.10, Source=27.20
ICICIGI: Calculated=3.03, Source=22.50
ICICIBANK: Calculated=1.95, Source=7.60
CHOLAFIN: Calculated=2.18, Source=10.40
SUNPHARMA: Calculated=11.27, Source=17.30
AMBUJACEM: Calculated=7.26, Source=12.80
ICICIPRULI: Calculated=0.28, Source=8.75
CANBK: Calculated=1.00, Source=6.63
BRITANNIA: Calculated=23.52, Source=48.90
INDUSINDBK: Calculated=1.74, Source=7.93
SHRIRAMFIN: Calculated=2.98, Source=11.30
APOLLOHOSP: Calculated=5.58, Source=17.20
IOC: Calculated=8.94, Source=21.31
INFY: Calculated=19.30, Source=40.00
HEROMOTOCO: Calculated=14.31, Source=29.10
HDFCLIFE: Calculated=0.52, Source=6.61
TATAPOWER: Calculated=3.08, Source=11.10
TATAMOTORS: Calculated=8.61, Source=20.10
ADANIPOWER: Calculated=22.64, Source=32.20
SHREECEM: Calculated=6.21, Source=14.80
SIEMENS: Calculated=10.74, Source=25.60
IRCTC: Calculated=18.24, Source=53.80
BPCL: Calculated=13.27, Source=32.10
ITC: Calculated=22.62, Source=34.76
ASIANPAINT: Calculated=18.59, Source=41.75
SBILIFE: Calculated=0.48, Source=13.20
JINDALSTEL: Calculated=7.55, Source=13.20
HAVELLS: Calculated=10.22, Source=24.40
DABUR: Calculated=11.98, Source=22.30
ADANIPORTS: Calculated=6.93, Source=12.90
TATASTEEL: Calculated=-1.82, Source=7.02
COALINDIA: Calculated=15.80, Source=63.60
HDFCBANK: Calculated=1.62, Source=7.67
RELIANCE: Calculated=4.50, Source=9.61
RECLTD: Calculated=2.58, Source=10.00
BAJAJ-AUTO: Calculated=19.59, Source=33.50
BOSCHLTD: Calculated=14.35, Source=20.60
JSWENERGY: Calculated=2.99, Source=8.59
JSWSTEEL: Calculated=3.94, Source=13.36
POWERGRID: Calculated=6.21, Source=13.20
LODHA: Calculated=3.29, Source=11.10
LICI: Calculated=0.77, Source=63.79
KOTAKBANK: Calculated=2.37, Source=7.86
TCS: Calculated=31.69, Source=64.30
TITAN: Calculated=11.08, Source=22.70
HAL: Calculated=1687.78, Source=38.90
DIVISLAB: Calculated=10.35, Source=16.50
HCLTECH: Calculated=15.87, Source=29.60
BEL: Calculated=2475.16, Source=34.60
LT: Calculated=56.44, Source=17.18
PNB: Calculated=12.65, Source=1.63
AXISBANK: Calculated=1.64, Source=7.06
LTIM: Calculated=16.65, Source=34.10
PFC: Calculated=2.55, Source=9.96
BAJAJFINSV: Calculated=2.90, Source=21.14
BHARTIARTL: Calculated=1.94, Source=13.10
MARUTI: Calculated=11.70, Source=23.67
M&M: Calculated=5.23, Source=26.98
MOTHERSON: Calculated=3.59, Source=13.70
GAIL: Calculated=7.94, Source=14.70
TECHM: Calculated=5.56, Source=11.90
ADANIGREEN: Calculated=1.43, Source=96.50
GRASIM: Calculated=2.41, Source=9.30
GODREJCP: Calculated=-3.05, Source=26.49
BANKBARODA: Calculated=1.14, Source=6.33
ONGC: Calculated=8.04, Source=19.71
PIDILITIND: Calculated=14.47, Source=29.70
ADANIENSOL: Calculated=2.04, Source=9.00
ABB: Calculated=23.13, Source=46.00
INDIGO: Calculated=668.33, Source=24.50
ADANIENT: Calculated=2.08, Source=11.60
